; Its A Pixel Thing Top 150 Games
; https://www.youtube.com/watch?v=xBZvKqOqZ1A&t=91
;
; Missing
; -------
; OnEscapee
; The Shadows Of Sergoth
; Worthy
;
AddamsFamily_v1.3_0419.lha
Agony_v2.1_0960.lha
Aladdin_v1.8_AGA_0420.lha
Alien3_v2.1_0261.lha
AlienBreedTowerAssault_v1.3_2331.lha
AllNewWorldOfLemmings_v1.0_AGA_0625.lha
AllTerrainRacing_v1.4.lha
AnotherWorld_v2.7_0425.lha
Apidya_v2.05_Kaiko_0764.lha
ArabianNights_v2.0_1454.lha
AssassinSpecialEdition_v3.0a_0766.lha
Banshee_v3.3_AGA_0633.lha
BaseJumpers_v2.2_1799.lha
BatmanTheMovie_v1.5_2Disk_0006.lha
BattleSquadron_v1.7_0941.lha
BCKid_v1.5_0435.lha
BeachVolley_v1.0_1249.lha
BeneathASteelSky_v2.1_0207.lha
Benefactor_v1.2_0636.lha
BigRun_v1.1_0301.lha
BloodMoney_v1.5a_0302.lha
BluesBrothers_v1.6_3081.lha
BodyBlows_v2.0_Fast_1147.lha
BubbaNStix_v3.1_1323.lha
Cabal_v1.2a_0638.lha
Cadaver&ThePayoff_v2.4_0900.lha
CannonFodder_v2.0_0860.lha
ChaosEngine_v2.1_0106.lha
ChuckRock2_v3.1_0282.lha
ChuckRock_v1.1_0767.lha
Darkmere_v2.0_0453.lha
DefenderOfTheCrown_v3.1_0317.lha
Deliverance_v2.0_1500.lha
DesertStrike_v3.1_0112.lha
DisposableHero_v1.7_1367.lha
DojoDan_v1.1_2503.lha
DragonBreed_v1.2_0441.lha
Dragonstone_v1.2_0471.lha
Dune_v3.1_1156.lha
DynaBlaster_v1.6_0664.lha
Elfmania_v2.0_0114.lha
FightinSpirit_v1.2_AGA.lha
FinalFight_v1.7_1329.lha
FireAndIce_v3.4_0502.lha
FireForce_v1.2-B_0233.lha
FirstSamurai_v2.1_1182.lha
Flashback_v3.4_1163.lha
FlimbosQuest_v2.3_0121.lha
Flood_v1.2_0504.lha
FlyHarder_v1.1.lha
FuryOfTheFurries_v1.0_1347.lha
Fuzzball_v1.0_1940.lha
GhostsNGoblins_v1.4.lha
Globdule_v2.1-B_0183.lha
Gobliins2_v2.0_0185.lha
Gods_v3.2_0666.lha
Hostages_v1.2_0186.lha
Hybris_v2.4_NTSC_1457.lha
IndianaJones&TheFateOfAtlantisAdventure_v2.3_0851.lha
ItCameFromTheDesert_v2.0_0014.lha
JimPower_v3.0-B_0068.lha
Joe&MacCavemanNinja_v1.1_2179.lha
JurassicPark_v1.6_0048.lha
Katakis_v2.0_2Disk_0347.lha
KillingGameShow_v1.2.lha
LastNinja3_v1.1_0495.lha
Leander_v2.5_0496.lha
Lemmings2_v1.8_1MB_0351.lha
Lemmings_v1.5_Files_2089.lha
LethalWeapon_v1.3_0814.lha
Lionheart_v2.3_0845.lha
LionKing_v1.0_AGA_0527.lha
LostPatrol_v2.1_0773.lha
LostVikings_v2.0_2235.lha
Lotus2_v1.11_0497.lha
MegaLoMania_v1.7_0272.lha
Menace_v1.2_0823.lha
Mercs_v1.1_1668.lha
MicroMachines_v1.1_0357.lha
MidnightResistance_v1.6_1226.lha
Moonstone_v1.6_0360.lha
MortalKombat_v0.9_0288.lha
MrNutz_v1.4a_0540.lha
Myth_v1.4_System3_0700.lha
NewZealandStory_v2.4_1180.lha
NorthAndSouth_v2.1_Files_0194.lha
Odyssey_v2.1_2854.lha
OutRunEuropa_v1.3.lha
Overdrive_v2.0_Team17_1149.lha
Pang_v2.2_0929.lha
ParasolStars_v1.5_0139.lha
Pegasus_v1.1_1645.lha
PersianGulfInferno_v1.0.lha
PinballDreams_v1.9_0377.lha
PinballFantasies_v3.2_AGA_0047.lha
PinballIllusions_v2.2_AGA_0710.lha
PPHammer_v2.1_2036.lha
Prehistorik_v2.0_0557.lha
ProjectX_v1.4.1_0886.lha
PushOver_v1.23_1267.lha
PuttySquad_v1.3_AGA.lha
Qwak_v1.2_0715.lha
RickDangerous_v1.3_2294.lha
RiskyWoods_v1.2_0571.lha
Roadkill_v2.2-B_AGA_1108.lha
RockNRoll_v2.1_0801.lha
RodLand_v1.4_1509.lha
RType2_v2.1_2065.lha
RuffNTumble_v2.7_0199.lha
SaintDragon_v1.4_1079.lha
SecondSamurai_v1.1_0721.lha
SecretOfMonkeyIsland_v3.7_1625.lha
SensibleWorldOfSoccer9697_v2.1_0842.lha
ShadowDancer_v1.2_0202.lha
ShadowFighter_v1.0_AGA_0203.lha
ShadowOfTheBeast3_v1.7_0016.lha
Silkworm_v1.5_0388.lha
SlySpySecretAgent_v1.1_1259.lha
SnowBros_v1.4_Image_2601.lha
SoccerKid_v2.1_1129.lha
Speedball2_v1.0_2897.lha
SpyWhoLovedMe_v1.0_2186.lha
StuntCarRacer_v1.3_0222.lha
Superfrog_v1.5_0035.lha
SuperMethaneBros_v1.3.lha
SuperOffRoad_v1.3a_0387.lha
Switchblade2_v1.6_1725.lha
SWIV_v1.7_0038.lha
Syndicate_v2.6_0739.lha
Toki_v2.3a_0040.lha
TrapsNTreasures_v1.0.lha
Turrican2_v2.1-B_0029.lha
Turrican3_v1.5_2633.lha
Turrican_v2.1_0092.lha
Ugh_v1.2_0396.lha
Unreal_v1.2_0033.lha
Uridium2_v0801.1_2MB_1526.lha
VenusTheFlytrap_v1.2.lha
Virocop_v1.0b_1836.lha
Vroom&DataDisk_v1.4_1295&1296.lha
Wings_v1.0_0410.lha
Wolfchild_v1.2_0411.lha
WoodysWorld_v1.0_2182.lha
WormsDirectorsCut_v1.3_AGA_0605.lha
XOut_v1.2_2Disk_0412.lha
YoJoe_v1.0_0750.lha
ZOut_v3.5_0609.lha
