; Kim Justice Top 100 Amiga Games
; https://www.youtube.com/watch?v=tWQfX-hP1RQ
;
; Missing
; -------
; Ultimate Premiere Manager
;
Agony_v2.1_0960.lha
AlienBreed_v2.3a_0998.lha
AlienBreedTowerAssault_v1.3_AGA_2331.lha
Apidya_v2.05_Kaiko_0764.lha
ArcherMacLeansPool_v1.2_1096.lha
BalanceOfPower1990Edition_v1.0_1818.lha
Banshee_v3.3_AGA_0633.lha
BaseJumpers_v2.2_1799.lha
BattleSquadron_v1.7_0941.lha
Benefactor_v1.2_0636.lha
BillsTomatoGame_v2.1_1748.lha
BloodMoney_v1.5a_0302.lha
Bombuzal_v2.0_1738.lha
BubbleBobble_v1.3_2518.lha
BuggyBoy_v1.2_0465.lha
CannonFodder2_v1.12_0104.lha
CannonFodder_v2.0_0860.lha
ChaosEngine_v2.1_AGA_1324.lha
Civilization_v1.1_AGA_1633.lha
Deflektor_v1.11_1087.lha
Deuteros_v1.10_0958.lha
DGeneration_v2.3_AGA_0457.lha
Dune_v3.1_1156.lha
DungeonMaster_v1.3_0833.lha
Elite_v2.1_1572.lha
FireAndIce_v3.4_CD32.lha
FirstSamurai_v2.1_A1200Version_NONAGA.lha
Flood_v1.2_0504.lha
Floor13_v1.0.lha
FootballGlory_v1.1_AGA_0122.lha
GreatGianaSisters_v1.6_2945.lha
HeroQuest_v1.3a_0127.lha
IK+_v1.8_2063.lha
ItCameFromTheDesert_v2.0_0014.lha
JimmyWhitesWhirlwindSnooker_v2.0_2466.lha
KillingGameShow_v1.2.lha
KingOfChicago_v1.1_1416.lha
Leander_v2.5_0496.lha
Lemmings2_v1.8_1MB_0351.lha
Lemmings_v1.5_Files_2089.lha
Life&Death_v1.2_1126.lha
Lionheart_v2.3_0845.lha
LostPatrol_v2.1_0773.lha
Lotus2_v1.11_0497.lha
Lotus3_v1.6_0217.lha
MegaLoMania_v1.7_0272.lha
Moonstone_v1.6_0360.lha
NavySeals_v2.1_1251.lha
Nebulus_v1.5_0361.lha
NigelMansellsWorldChampionship_v1.3_AGA_0138.lha
NoSecondPrize_v1.2_3059.lha
OneStepBeyond_v1.2_2580.lha
PinballDreams_v1.9_0377.lha
Populous2_v2.0_0079.lha
Populous_v1.2_0069.lha
Premiere_v3.2_CD32.lha
PremierManager3_v1.0_AGA_2021.lha
ProTennisTour2_v1.5_3077.lha
Qwak_v1.2_CD32.lha
RoboCop3_v1.3_0979.lha
RodLand_v1.4_1509.lha
RuffNTumble_v2.7_0199.lha
ScoobyDoo&ScrappyDoo_v2.01_0062.lha
SecondSamurai_v1.1_AGA_1624.lha
SensibleSoccer_v1.2_1MB_0384.lha
SensibleWorldOfSoccerv11_v2.1_0201.lha
Settlers_v1.6_0143.lha
ShadowFighter_v1.0_AGA_0203.lha
ShadowOfTheBeast3_v1.7_0016.lha
ShadowOfTheBeast_v2.5_1357.lha
ShufflepuckCafe_v1.1_1143.lha
SimCity_v1.0_2193.lha
SpaceCrusade&TheVoyageBeyond_v2.2_1535.lha
SpaceHulk_v1.0_1279.lha
Speedball2_v1.0_2897.lha
Speedball_v2.1_0581.lha
SpindizzyWorlds_v1.1_1179.lha
StuntCarRacer_v1.3_0222.lha
SuperCars2_v1.3_0224.lha
SuperSkidmarks_v2.2_1797.lha
SuperStardust_v1.2_AGA_0175.lha
Switchblade2_v1.6_1725.lha
SWIV_v1.7_0038.lha
Syndicate_v2.6_0739.lha
ThemePark_v3.0_AGA_0153.lha
Turrican2_v2.1-B_0029.lha
Turrican_v2.1_0092.lha
Uridium2_v0801.1_2MB_1526.lha
VenusTheFlytrap_v1.2.lha
Virocop_v1.5_AGA_1920.lha
Walker_v1.0_Decrunched_0159.lha
Waxworks_v1.1_2274.lha
Wings_v1.0_0410.lha
Wizkid_v1.3_1449.lha
WizNLiz_v2.1_0749.lha
WormsDirectorsCut_v1.3_AGA_0605.lha
YoJoe_v1.0_0750.lha
Zool2_v1.0_AGA_0415.lha
Zool_v2.0_AGA_1675.lha
