; Lemon Amiga Top 100 Amiga Games
; https://www.lemonamiga.com/games/votes_list.php
;
; Missing
; -------
; Simon The Sorceror 2
; Genetic Species
;
AlienBreedTowerAssault_v1.3_AGA_2331.lha
Ambermoon_v2.0.lha
AnotherWorld_v2.7_0425.lha
Banshee_v3.3_AGA_0633.lha
BattleSquadron_v1.7_0941.lha
BeneathASteelSky_v2.1_0207.lha
BeneathASteelSky_v2.2_CD32.lha
Benefactor_v1.2_0636.lha
BubbleBobble_v1.3_2518.lha
CannonFodder_v1.2_CD32.lha
CannonFodder_v2.0_0860.lha
ChaosEngine_v2.1_0106.lha
ChaosEngine_v2.1_AGA_1324.lha
ChaosEngine_v2.1_CD32.lha
ChaosStrikesBack&EnglishUtilityDisk_v1.21.lha
Civilization_v1.1_2090.lha
Civilization_v1.1_AGA_1633.lha
Clue_v1.1_AGA.lha
Colonization_v1.1_AGA_0452.lha
DGeneration_v2.3_AGA_0457.lha
Dune2_v1.1_1548.lha
Dune_v3.1_1156.lha
DungeonMaster2_v1.0_AGA_0899.lha
DungeonMaster_v1.3_0833.lha
DynaBlaster_v1.6_0664.lha
Elite_v2.1_1572.lha
EyeOfTheBeholder2_v1.3_0834.lha
EyeOfTheBeholder_v1.5_0116.lha
F19StealthFighter_v3.1_0117.lha
Flashback_v3.4_1163.lha
FormulaOneGrandPrix_v1.0_3Disk.lha
Frontier_v1.3_1960.lha
FuryOfTheFurries_v1.0_1347.lha
Gunship2000_v3.1_0808.lha
Gunship2000_v3.1_CD32.lha
Hybris_v2.4b3_BETA_1457.lha
IK+_v1.8_2063.lha
IndianaJones&TheFateOfAtlantisAdventure_v2.3_0851.lha
IndianaJones&TheLastCrusadeAdventure_v2.0_De_0343.lha
Ishar2_v1.4_AGA_0787.lha
ItCameFromTheDesert_v2.0_0014.lha
LaserSquad_v2.4_1907.lha
Legend_v1.2_Mindscape_1100.lha
Lemmings2_v1.8_1MB_0351.lha
Lemmings_v1.5_Image_2089.lha
Lionheart_v2.3_0845.lha
LordsOfTheRisingSun_v1.4b_0133.lha
Lotus2_v1.11_0497.lha
Lotus_v1.1_0774.lha
ManiacMansion_v1.6_1571.lha
MegaLoMania_v1.7_0272.lha
MonkeyIsland2_v1.3_0020.lha
Moonstone_v1.6_0360.lha
NorthAndSouth_v2.1_Image_0194.lha
OhNoMoreLemmings_v1.2_0697.lha
OutOfThisWorld_v2.7_NTSC_1556.lha
PGATourGolf&TournamentCourseDisk_v1.01_0891.lha
PinballFantasies_v3.2_0025.lha
PinballFantasies_v3.2_AGA_0047.lha
PinballFantasies_v3.2_CD32.lha
PinballIllusions_v2.2_AGA_0710.lha
Pirates_v1.4_0552.lha
Populous2_v2.0_0079.lha
PrinceOfPersia_v3.4_1823.lha
RailroadTycoon_v1.3_0619.lha
RodLand_v1.4_1509.lha
RuffNTumble_v2.7_0199.lha
SecretOfMonkeyIsland_v3.7_1625.lha
SensibleSoccerInternationalEdition_v1.2_1MB_1681.lha
SensibleWorldOfSoccer9596_v2.1_1755.lha
SensibleWorldOfSoccer9697_v2.1_0842.lha
SensibleWorldOfSoccer_v2.1_0840.lha
Settlers_v1.6_0143.lha
SilentService2_v2.1b_NTSC_0949.lha
SimonTheSorcerer_v1.4_2865.lha
SimonTheSorcerer_v1.4_AGA_0898.lha
SlamTilt_v3.6_AGA_1151.lha
Speedball2_v1.0_2897.lha
Starglider2_v1.2.1.lha
StuntCarRacer_v1.3_0222.lha
SuperCars2_v0.86_AGA.lha
SuperCars2_v1.3_0224.lha
Superfrog_v1.5_0035.lha
Syndicate_v2.6_0739.lha
TheirFinestHour&Missions_v1.1_0037&1369.lha
ThunderHawkAH73M_v2.2.1_0039.lha
Turrican2_v2.1-B_0029.lha
Turrican_v2.1_0092.lha
TVSportsBasketball_v1.3_2122.lha
UFOEnemyUnknown_v1.0_1677.lha
UFOEnemyUnknown_v1.1_AGA_0157.lha
Ultima3_v1.1.lha
Utopia&NewWorlds_v1.3_0757&2576.lha
Wings_v1.0_0410.lha
WorldCircuit_v1.0_NTSC.lha
Worms_v1.0_1MB_0230.lha
WormsDirectorsCut_v1.3_AGA_0605.lha
ZakMcKracken_v1.4_0965.lha
