; Old Style Gaming Top 75 Amiga Games
; https://www.youtube.com/watch?v=bGW67eV54bo
;
Agony_v2.1_0960.lha
AlienBreed_v2.3a_0998.lha
AnotherWorld_v2.7_0425.lha
Apidya_v2.05_Kaiko_0764.lha
ArmourGeddon_v1.0_NTSC.lha
BadDudesVsDragonNinja_v1.3_0098.lha
Banshee_v3.3_AGA_0633.lha
BattleSquadron_v1.7_0941.lha
BeneathASteelSky_v2.1_0207.lha
CannonFodder_v2.0_0860.lha
ChaosEngine_v2.1_AGA_1324.lha
ChuckRock2_v3.1_0282.lha
CrazyCars3_v2.2_3068.lha
CruiseForACorpse_v2.2_0108.lha
Darkmere_v2.0_0453.lha
DefenderOfTheCrown_v3.1_0317.lha
Deliverance_v2.0_1500.lha
DeluxeGalaga_v1.3_AGA.lha
Dune2_v1.1_1548.lha
FA18Interceptor_v1.4_0119.lha
FaeryTaleAdventure_v1.1_0367.lha
Flashback_v3.4_1163.lha
Gods_v3.2_0666.lha
GreatGianaSisters_v1.6_2945.lha
Gunship2000_v3.1_AGA_0371.lha
HeartOfChina_v1.1_0969.lha
Hostages_v1.2_0186.lha
Hunter_v1.30_3014.lha
Hybris_v2.4_NTSC_1457.lha
IK+_v1.8_2063.lha
IndianaJones&TheFateOfAtlantisAdventure_v2.3_0851.lha
JamesPond2_v2.0_AGA_1354.lha
JimPower_v3.0-B_0068.lha
KickOff2_v1.09a_2191.lha
LastNinja2_v1.1_0131.lha
Lemmings_v1.5_Image_2089.lha
LethalXcess_v1.3_0814.lha
LostPatrol_v2.1_0773.lha
Lotus2_v1.11_0497.lha
MagicPockets_v3.3_0917.lha
MegaLoMania_v1.7_0272.lha
Moonstone_v1.6_0360.lha
NewZealandStory_v2.4_1180.lha
NorthAndSouth_v2.1_Files_0194.lha
PinballDreams_v1.9_0377.lha
PiratesGold_v2.2_CD32.lha
Populous2_v2.0_0079.lha
Powermonger_v1.3_0081.lha
ProjectXSE_v1.5_0927.lha
RainbowIslands_v1.4.1_0012.lha
RickDangerous_v1.3_2294.lha
RType_v1.6_0940.lha
RuffNTumble_v2.7_0199.lha
SecretOfMonkeyIsland_v3.7_1625.lha
SensibleWorldOfSoccerv11_v2.1_0201.lha
Settlers_v1.6_0143.lha
ShadowOfTheBeast_v2.5_1357.lha
Silkworm_v1.5_0388.lha
SoccerKid_v2.1_AGA_1150.lha
Speedball2_v1.0_2897.lha
Stardust_v1.5_2102.lha
StuntCarRacer_v1.3_0222.lha
SuperCars2_v1.3_0224.lha
Superfrog_v1.5_CD32.lha
SWIV_v1.7_0038.lha
Syndicate_v2.6_0739.lha
TestDrive2&DataDisks_v1.5_0588&0589&0590&0591&0818.lha
Toki_v2.3a_0040.lha
TrapsNTreasures_v1.0.lha
Turrican2_v2.1-B_0029.lha
Wings_v1.0_0410.lha
WingsOfDeath_v1.02_3022.lha
Wizball_v1.3_0176.lha
WizNLiz_v2.1_0749.lha
Xenon2_v1.12_2Disk_0297.lha
